Alternative 1 Catch
     Rougheye 
Equil_Fabc 404.989 
Year 
2024 453 
2025 570.887 
2026 711.939 
2027 758.388 
2028 791.132 
2029 811.526 
2030 821.84 
2031 824.518 
2032 821.666 
2033 815.004 
2034 805.489 
2035 793.893 
2036 780.873 
2037 766.378 

Alternative 1 MaxABCs
     Rougheye 

Year 
2024 587.457 
2025 652.063 
2026 711.939 
2027 758.388 
2028 791.132 
2029 811.526 
2030 821.84 
2031 824.518 
2032 821.666 
2033 815.004 
2034 805.489 
2035 793.893 
2036 780.873 
2037 766.378 

Alternative 1 OFLs
     Rougheye 

Year 
2024 689.62 
2025 766.202 
2026 836.494 
2027 890.986 
2028 929.383 
2029 953.288 
2030 965.366 
2031 968.487 
2032 965.122 
2033 957.288 
2034 946.108 
2035 932.485 
2036 917.189 
2037 900.163 

Alternative 1 TACs
     Rougheye 

Year 
2024  NA 
2025  NA 
2026 711.939 
2027 758.388 
2028 791.132 
2029 811.526 
2030 821.84 
2031 824.518 
2032 821.666 
2033 815.004 
2034 805.489 
2035 793.893 
2036 780.873 
2037 766.378 

Alternative 1 Sp_Biomass
     Rougheye 
Equil_Fabc 3525.33 
Year 
2024 3522.8 
2025 3729.47 
2026 3943.17 
2027 4160.38 
2028 4393.38 
2029 4641.61 
2030 4903.02 
2031 5174.95 
2032 5453.29 
2033 5731.99 
2034 6001.56 
2035 6252.5 
2036 6476.64 
2037 6662.3 

Alternative 1 Fishing Mortality
     Rougheye 
Equil_Fabc 0.0347349 
Year 
2024 0.0266421 
2025 0.0303562 
2026 0.0347349 
2027 0.0347349 
2028 0.0347349 
2029 0.0347349 
2030 0.0347349 
2031 0.0347349 
2032 0.0347349 
2033 0.0347349 
2034 0.0347349 
2035 0.0347349 
2036 0.0347349 
2037 0.0347349 

Alternative 1 Biomass
     Rougheye 

Year 
2024 27602.3 
2025 28313.7 
2026 28813.8 
2027 29055.1 
2028 29157.1 
2029 29144.1 
2030 29018.5 
2031 28806.7 
2032 28523.9 
2033 28183.7 
2034 27796.9 
2035 27369.9 
2036 26918 
2037 26440.4 

Alternative 1 Implied SPR rate 
     Rougheye 
Equil_Fabc 0.4 
Year 
2024 0.481609 
2025 0.441546 
2026 0.4 
2027 0.4 
2028 0.4 
2029 0.4 
2030 0.4 
2031 0.4 
2032 0.4 
2033 0.4 
2034 0.4 
2035 0.4 
2036 0.4 
2037 0.4 

  Rougheye 
EquilAvgAgeF0  18.1042 
EquilAvgAgeFabc  13.1811 
AvgAgeYr2037 220.94 
Alternative 2 Catch
     Rougheye 
Equil_Fabc 404.989 
Year 
2024 453 
2025 570.887 
2026 641.686 
2027 685.565 
2028 717.295 
2029 737.992 
2030 749.609 
2031 754.285 
2032 753.878 
2033 749.911 
2034 743.23 
2035 734.524 
2036 724.388 
2037 712.765 

Alternative 2 MaxABCs
     Rougheye 

Year 
2024 587.457 
2025 652.063 
2026 711.939 
2027 760.581 
2028 795.748 
2029 818.683 
2030 831.552 
2031 836.728 
2032 836.268 
2033 831.864 
2034 824.45 
2035 814.79 
2036 803.546 
2037 790.652 

Alternative 2 OFLs
     Rougheye 

Year 
2024 689.62 
2025 766.202 
2026 836.494 
2027 893.563 
2028 934.805 
2029 961.694 
2030 976.773 
2031 982.828 
2032 982.273 
2033 977.09 
2034 968.377 
2035 957.028 
2036 943.817 
2037 928.672 

Alternative 2 TACs
     Rougheye 

Year 
2024  NA 
2025  NA 
2026 641.686 
2027 685.565 
2028 717.295 
2029 737.992 
2030 749.609 
2031 754.285 
2032 753.878 
2033 749.911 
2034 743.23 
2035 734.524 
2036 724.388 
2037 712.765 

Alternative 2 Sp_Biomass
     Rougheye 
Equil_Fabc 3525.33 
Year 
2024 3522.8 
2025 3729.47 
2026 3945.35 
2027 4176.33 
2028 4424.64 
2029 4689.86 
2030 4970.07 
2031 5262.66 
2032 5563.54 
2033 5866.55 
2034 6161.91 
2035 6439.72 
2036 6691.32 
2037 6904.31 

Alternative 2 Fishing Mortality
     Rougheye 
Equil_Fabc 0.0347349 
Year 
2024 0.0266421 
2025 0.0303562 
2026 0.0312614 
2027 0.0312614 
2028 0.0312614 
2029 0.0312614 
2030 0.0312614 
2031 0.0312614 
2032 0.0312614 
2033 0.0312614 
2034 0.0312614 
2035 0.0312614 
2036 0.0312614 
2037 0.0312614 

Alternative 2 Biomass
     Rougheye 

Year 
2024 27602.3 
2025 28313.7 
2026 28813.8 
2027 29127.9 
2028 29305.8 
2029 29370 
2030 29320.7 
2031 29182.9 
2032 28971.1 
2033 28698 
2034 28373.6 
2035 28004.4 
2036 27605.5 
2037 27175.7 

Alternative 2 Implied SPR rate 
     Rougheye 
Equil_Fabc 0.4 
Year 
2024 0.481609 
2025 0.441546 
2026 0.432484 
2027 0.432484 
2028 0.432484 
2029 0.432484 
2030 0.432484 
2031 0.432484 
2032 0.432484 
2033 0.432484 
2034 0.432484 
2035 0.432484 
2036 0.432484 
2037 0.432484 

  Rougheye 
EquilAvgAgeF0  18.1042 
EquilAvgAgeFabc  13.1811 
AvgAgeYr2037 222.114 
Alternative 3 Catch
     Rougheye 
Equil_Fabc 404.989 
Year 
2024 453 
2025 570.887 
2026 623.344 
2027 666.478 
2028 697.866 
2029 718.563 
2030 730.443 
2031 735.57 
2032 735.734 
2033 732.41 
2034 726.416 
2035 718.416 
2036 708.993 
2037 698.086 

Alternative 3 MaxABCs
     Rougheye 

Year 
2024 587.457 
2025 652.063 
2026 711.939 
2027 761.154 
2028 796.956 
2029 820.559 
2030 834.103 
2031 839.941 
2032 840.119 
2033 836.319 
2034 829.47 
2035 820.334 
2036 809.572 
2037 797.117 

Alternative 3 OFLs
     Rougheye 

Year 
2024 689.62 
2025 766.202 
2026 836.494 
2027 894.235 
2028 936.224 
2029 963.898 
2030 979.769 
2031 986.602 
2032 986.795 
2033 982.322 
2034 974.273 
2035 963.539 
2036 950.895 
2037 936.264 

Alternative 3 TACs
     Rougheye 

Year 
2024  NA 
2025  NA 
2026 623.344 
2027 666.478 
2028 697.866 
2029 718.563 
2030 730.443 
2031 735.57 
2032 735.734 
2033 732.41 
2034 726.416 
2035 718.416 
2036 708.993 
2037 698.086 

Alternative 3 Sp_Biomass
     Rougheye 
Equil_Fabc 3525.33 
Year 
2024 3522.8 
2025 3729.47 
2026 3945.92 
2027 4180.5 
2028 4432.82 
2029 4702.52 
2030 4987.7 
2031 5285.77 
2032 5592.65 
2033 5902.14 
2034 6204.41 
2035 6489.45 
2036 6748.46 
2037 6968.85 

Alternative 3 Fishing Mortality
     Rougheye 
Equil_Fabc 0.0347349 
Year 
2024 0.0266421 
2025 0.0303562 
2026 0.0303562 
2027 0.0303562 
2028 0.0303562 
2029 0.0303562 
2030 0.0303562 
2031 0.0303562 
2032 0.0303562 
2033 0.0303562 
2034 0.0303562 
2035 0.0303562 
2036 0.0303562 
2037 0.0303562 

Alternative 3 Biomass
     Rougheye 

Year 
2024 27602.3 
2025 28313.7 
2026 28813.8 
2027 29147 
2028 29344.8 
2029 29429.2 
2030 29400 
2031 29281.9 
2032 29089 
2033 28833.9 
2034 28526.3 
2035 28172.7 
2036 27788.2 
2037 27371.5 

Alternative 3 Implied SPR rate 
     Rougheye 
Equil_Fabc 0.4 
Year 
2024 0.481609 
2025 0.441546 
2026 0.441546 
2027 0.441546 
2028 0.441546 
2029 0.441546 
2030 0.441546 
2031 0.441546 
2032 0.441546 
2033 0.441546 
2034 0.441546 
2035 0.441546 
2036 0.441546 
2037 0.441546 

  Rougheye 
EquilAvgAgeF0  18.1042 
EquilAvgAgeFabc  13.1811 
AvgAgeYr2037 222.42 
Alternative 4 Catch
     Rougheye 
Equil_Fabc 404.989 
Year 
2024 453 
2025 570.887 
2026 197.826 
2027 215.278 
2028 229.478 
2029 240.573 
2030 248.991 
2031 255.264 
2032 259.876 
2033 263.239 
2034 265.564 
2035 267.042 
2036 267.853 
2037 267.942 

Alternative 4 MaxABCs
     Rougheye 

Year 
2024 587.457 
2025 652.063 
2026 711.939 
2027 774.442 
2028 825.256 
2029 864.954 
2030 895.073 
2031 917.522 
2032 934.035 
2033 946.08 
2034 954.411 
2035 959.701 
2036 962.6 
2037 962.909 

Alternative 4 OFLs
     Rougheye 

Year 
2024 689.62 
2025 766.202 
2026 836.494 
2027 909.845 
2028 969.467 
2029 1016.04 
2030 1051.38 
2031 1077.72 
2032 1097.1 
2033 1111.23 
2034 1121.01 
2035 1127.22 
2036 1130.62 
2037 1130.98 

Alternative 4 TACs
     Rougheye 

Year 
2024  NA 
2025  NA 
2026 197.826 
2027 215.278 
2028 229.478 
2029 240.573 
2030 248.991 
2031 255.264 
2032 259.876 
2033 263.239 
2034 265.564 
2035 267.042 
2036 267.853 
2037 267.942 

Alternative 4 Sp_Biomass
     Rougheye 
Equil_Fabc 3525.33 
Year 
2024 3522.8 
2025 3729.47 
2026 3958.98 
2027 4277.46 
2028 4625.24 
2029 5003.32 
2030 5410.94 
2031 5846.44 
2032 6306.24 
2033 6784 
2034 7268.53 
2035 7747.54 
2036 8209.17 
2037 8635.99 

Alternative 4 Fishing Mortality
     Rougheye 
Equil_Fabc 0.0347349 
Year 
2024 0.0266421 
2025 0.0303562 
2026 0.00954937 
2027 0.00954937 
2028 0.00954937 
2029 0.00954937 
2030 0.00954937 
2031 0.00954937 
2032 0.00954937 
2033 0.00954937 
2034 0.00954937 
2035 0.00954937 
2036 0.00954937 
2037 0.00954937 

Alternative 4 Biomass
     Rougheye 

Year 
2024 27602.3 
2025 28313.7 
2026 28813.8 
2027 29588.1 
2028 30256.3 
2029 30829.1 
2030 31295.4 
2031 31671.1 
2032 31963.2 
2033 32179.3 
2034 32324.1 
2035 32401 
2036 32424.6 
2037 32389.4 

Alternative 4 Implied SPR rate 
     Rougheye 
Equil_Fabc 0.4 
Year 
2024 0.481609 
2025 0.441546 
2026 0.749999 
2027 0.749999 
2028 0.749999 
2029 0.749999 
2030 0.749999 
2031 0.749999 
2032 0.749999 
2033 0.749999 
2034 0.749999 
2035 0.749999 
2036 0.749999 
2037 0.749999 

  Rougheye 
EquilAvgAgeF0  18.1042 
EquilAvgAgeFabc  13.1811 
AvgAgeYr2037 229.471 
Alternative 5 Catch
     Rougheye 
Equil_Fabc 404.989 
Year 
2024 453 
2025 570.887 
2026  NA 
2027  NA 
2028  NA 
2029  NA 
2030  NA 
2031  NA 
2032  NA 
2033  NA 
2034  NA 
2035  NA 
2036  NA 
2037  NA 

Alternative 5 MaxABCs
     Rougheye 

Year 
2024 587.457 
2025 652.063 
2026 711.939 
2027 780.622 
2028 838.597 
2029 886.17 
2030 924.613 
2031 955.634 
2032 980.814 
2033 1001.51 
2034 1018.38 
2035 1032.03 
2036 1043.1 
2037 1051.29 

Alternative 5 OFLs
     Rougheye 

Year 
2024 689.62 
2025 766.202 
2026 836.494 
2027 917.105 
2028 985.137 
2029 1040.96 
2030 1086.08 
2031 1122.49 
2032 1152.04 
2033 1176.34 
2034 1196.14 
2035 1212.17 
2036 1225.16 
2037 1234.78 

Alternative 5 TACs
     Rougheye 

Year 
2024  NA 
2025  NA 
2026  NA 
2027  NA 
2028  NA 
2029  NA 
2030  NA 
2031  NA 
2032  NA 
2033  NA 
2034  NA 
2035  NA 
2036  NA 
2037  NA 

Alternative 5 Sp_Biomass
     Rougheye 
Equil_Fabc 3525.33 
Year 
2024 3522.8 
2025 3729.47 
2026 3964.99 
2027 4322.72 
2028 4716.39 
2029 5147.87 
2030 5617.28 
2031 6123.73 
2032 6664.21 
2033 7232.69 
2034 7817.64 
2035 8405.89 
2036 8984.29 
2037 9532.97 

Alternative 5 Fishing Mortality
     Rougheye 
Equil_Fabc 0.0347349 
Year 
2024 0.0266421 
2025 0.0303562 
2026  NA 
2027  NA 
2028  NA 
2029  NA 
2030  NA 
2031  NA 
2032  NA 
2033  NA 
2034  NA 
2035  NA 
2036  NA 
2037  NA 

Alternative 5 Biomass
     Rougheye 

Year 
2024 27602.3 
2025 28313.7 
2026 28813.8 
2027 29793.3 
2028 30685.8 
2029 31497.6 
2030 32213.1 
2031 32844 
2032 33393.8 
2033 33867.5 
2034 34266.9 
2035 34593.7 
2036 34861.5 
2037 35062.2 

Alternative 5 Implied SPR rate 
     Rougheye 
Equil_Fabc 0.4 
Year 
2024 0.481609 
2025 0.441546 
2026 1 
2027 1 
2028 1 
2029 1 
2030 1 
2031 1 
2032 1 
2033 1 
2034 1 
2035 1 
2036 1 
2037 1 

  Rougheye 
EquilAvgAgeF0  18.1042 
EquilAvgAgeFabc  13.1811 
AvgAgeYr2037 232.702 
Alternative 6 Catch
     Rougheye 
Equil_Fabc 404.989 
Year 
2024 453 
2025 766.202 
2026 829.511 
2027 879.328 
2028 912.735 
2029 931.561 
2030 938.654 
2031 937.005 
2032 929.159 
2033 917.174 
2034 902.208 
2035 885.165 
2036 866.797 
2037 847.069 

Alternative 6 MaxABCs
     Rougheye 

Year 
2024 587.457 
2025 652.063 
2026 705.995 
2027 748.463 
2028 776.959 
2029 793.029 
2030 799.097 
2031 797.713 
2032 791.045 
2033 780.849 
2034 768.111 
2035 753.603 
2036 737.967 
2037 721.172 

Alternative 6 OFLs
     Rougheye 

Year 
2024 689.62 
2025 766.202 
2026 829.511 
2027 879.328 
2028 912.735 
2029 931.561 
2030 938.654 
2031 937.005 
2032 929.159 
2033 917.174 
2034 902.208 
2035 885.165 
2036 866.797 
2037 847.069 

Alternative 6 TACs
     Rougheye 

Year 
2024  NA 
2025 766.202 
2026 829.511 
2027 879.328 
2028 912.735 
2029 931.561 
2030 938.654 
2031 937.005 
2032 929.159 
2033 917.174 
2034 902.208 
2035 885.165 
2036 866.797 
2037 847.069 

Alternative 6 Sp_Biomass
     Rougheye 
Equil_Fabc 3525.33 
Year 
2024 3522.8 
2025 3723.26 
2026 3900.67 
2027 4092.31 
2028 4297.28 
2029 4514.83 
2030 4742.77 
2031 4978.38 
2032 5217.64 
2033 5454.74 
2034 5680.74 
2035 5886.91 
2036 6065.97 
2037 6207.54 

Alternative 6 Fishing Mortality
     Rougheye 
Equil_Fabc 0.0347349 
Year 
2024 0.0266421 
2025 0.0409186 
2026 0.0409186 
2027 0.0409186 
2028 0.0409186 
2029 0.0409186 
2030 0.0409186 
2031 0.0409186 
2032 0.0409186 
2033 0.0409186 
2034 0.0409186 
2035 0.0409186 
2036 0.0409186 
2037 0.0409186 

Alternative 6 Biomass
     Rougheye 

Year 
2024 27602.3 
2025 28313.7 
2026 28611.1 
2027 28728.8 
2028 28703.7 
2029 28563.6 
2030 28313.7 
2031 27982.9 
2032 27588 
2033 27143.5 
2034 26661.1 
2035 26147.6 
2036 25617.9 
2037 25071.7 

Alternative 6 Implied SPR rate 
     Rougheye 
Equil_Fabc 0.4 
Year 
2024 0.481609 
2025 0.35 
2026 0.35 
2027 0.35 
2028 0.35 
2029 0.35 
2030 0.35 
2031 0.35 
2032 0.35 
2033 0.35 
2034 0.35 
2035 0.35 
2036 0.35 
2037 0.35 

  Rougheye 
EquilAvgAgeF0  18.1042 
EquilAvgAgeFabc  13.1811 
AvgAgeYr2037 218.427 
Alternative 7 Catch
     Rougheye 
Equil_Fabc 404.989 
Year 
2024 453 
2025 652.063 
2026 709.468 
2027 888.022 
2028 921.452 
2029 940.159 
2030 947.029 
2031 945.087 
2032 936.905 
2033 924.56 
2034 909.221 
2035 891.8 
2036 873.06 
2037 852.963 

Alternative 7 MaxABCs
     Rougheye 

Year 
2024 587.457 
2025 652.063 
2026 709.468 
2027 755.865 
2028 784.38 
2029 800.349 
2030 806.228 
2031 804.595 
2032 797.641 
2033 787.138 
2034 774.082 
2035 759.253 
2036 743.299 
2037 726.19 

Alternative 7 OFLs
     Rougheye 

Year 
2024 689.62 
2025 766.202 
2026 833.591 
2027 888.022 
2028 921.452 
2029 940.159 
2030 947.029 
2031 945.087 
2032 936.905 
2033 924.56 
2034 909.221 
2035 891.8 
2036 873.06 
2037 852.963 

Alternative 7 TACs
     Rougheye 

Year 
2024  NA 
2025 766.202 
2026 833.591 
2027 888.022 
2028 921.452 
2029 940.159 
2030 947.029 
2031 945.087 
2032 936.905 
2033 924.56 
2034 909.221 
2035 891.8 
2036 873.06 
2037 852.963 

Alternative 7 Sp_Biomass
     Rougheye 
Equil_Fabc 3525.33 
Year 
2024 3522.8 
2025 3726.89 
2026 3927.1 
2027 4139.6 
2028 4346.11 
2029 4565.15 
2030 4794.51 
2031 5031.43 
2032 5271.85 
2033 5509.91 
2034 5736.6 
2035 5943.14 
2036 6122.2 
2037 6263.36 

Alternative 7 Fishing Mortality
     Rougheye 
Equil_Fabc 0.0347349 
Year 
2024 0.0266421 
2025 0.0347349 
2026 0.0347349 
2027 0.0409186 
2028 0.0409186 
2029 0.0409186 
2030 0.0409186 
2031 0.0409186 
2032 0.0409186 
2033 0.0409186 
2034 0.0409186 
2035 0.0409186 
2036 0.0409186 
2037 0.0409186 

Alternative 7 Biomass
     Rougheye 

Year 
2024 27602.3 
2025 28313.7 
2026 28729.5 
2027 28972.7 
2028 28940.1 
2029 28791.6 
2030 28532.7 
2031 28192.3 
2032 27787.6 
2033 27333.2 
2034 26840.9 
2035 26317.5 
2036 25778.1 
2037 25222.5 

Alternative 7 Implied SPR rate 
     Rougheye 
Equil_Fabc 0.4 
Year 
2024 0.481609 
2025 0.4 
2026 0.4 
2027 0.35 
2028 0.35 
2029 0.35 
2030 0.35 
2031 0.35 
2032 0.35 
2033 0.35 
2034 0.35 
2035 0.35 
2036 0.35 
2037 0.35 

  Rougheye 
EquilAvgAgeF0  18.1042 
EquilAvgAgeFabc  13.1811 
AvgAgeYr2037 218.931 
